// Jest Snapshot v1, https://goo.gl/fbAQLP

exports[`ConnectedNewSubjectDataPage renders correctly 1`] = `
<NewSubjectDataPage
  createSubjectData={[Function]}
  fetchSubjectById={[Function]}
  history={
    Object {
      "push": [Function],
    }
  }
  match={
    Object {
      "params": Object {
        "_id": "1",
      },
    }
  }
  store={
    Object {
      "clearActions": [Function],
      "dispatch": [Function],
      "getActions": [Function],
      "getState": [Function],
      "replaceReducer": [Function],
      "subscribe": [Function],
    }
  }
  storeSubscription={
    Subscription {
      "listeners": Object {
        "clear": [Function],
        "get": [Function],
        "notify": [Function],
        "subscribe": [Function],
      },
      "onStateChange": [Function],
      "parentSub": undefined,
      "store": Object {
        "clearActions": [Function],
        "dispatch": [Function],
        "getActions": [Function],
        "getState": [Function],
        "replaceReducer": [Function],
        "subscribe": [Function],
      },
      "unsubscribe": [Function],
    }
  }
  subjectId=""
/>
`;

exports[`UnconnectedNewSubjectDataPage renders correctly 1`] = `
<Segment
  style={
    Object {
      "margin": "10px auto",
      "maxWidth": 500,
    }
  }
>
  <Header
    as="h2"
    color="teal"
    textAlign="center"
  >
    Add new Subject Data
  </Header>
  <Loader
    active={true}
    inline="centered"
  />
</Segment>
`;
