// Jest Snapshot v1, https://goo.gl/fbAQLP

exports[`DataTableBody renders correctly 1`] = `
<TableBody
  as="tbody"
  style={
    Object {
      "cursor": "pointer",
    }
  }
>
  <div>
    Testando...
  </div>
</TableBody>
`;
