// Jest Snapshot v1, https://goo.gl/fbAQLP

exports[`FieldsAccordionForm renders correctly 1`] = `
<SimpleAccordionForm
  getData={[Function]}
  id="fields-accordion-test"
  render={[Function]}
  resetFormData={[Function]}
  submit={[Function]}
  title="Add Field"
  validate={[Function]}
/>
`;
