// Jest Snapshot v1, https://goo.gl/fbAQLP

exports[`SignupForm renders correctly 1`] = `
<SimpleForm
  getData={[Function]}
  id="signup-form"
  render={[Function]}
  submit={[Function]}
  validate={[Function]}
/>
`;
