// Jest Snapshot v1, https://goo.gl/fbAQLP

exports[`WelcomeMessage renders correctly 1`] = `
<Message
  info={true}
  style={
    Object {
      "textAlign": "center",
    }
  }
>
  <MessageHeader>
    Welcome to ListAnything!
  </MessageHeader>
</Message>
`;
